TGSTSDC001.TERRA.LOCAL				PMW_APP_CITRIX_BASE_XenApp
TGSCL05CN001	PMW_APP_IIS_BASE	PMW_APP_CITRIX_BASE_LIC		
TGSCL05CN002	PMW_APP_IIS_BASE	PMW_APP_CITRIX_BASE_LIC		
TGSDRIFT001				PMW_APP_CITRIX_BASE_XenApp
TGSDRIFT002				PMW_APP_CITRIX_BASE_XenApp
TGSWTS001				PMW_APP_CITRIX_BASE_XenApp
TGSWTS002				PMW_APP_CITRIX_BASE_XenApp
TGSWTS003				PMW_APP_CITRIX_BASE_XenApp
TGSWTS004				PMW_APP_CITRIX_BASE_XenApp
TGSWTS005				PMW_APP_CITRIX_BASE_XenApp
TGSWTS006				PMW_APP_CITRIX_BASE_XenApp
TGSWTS007				PMW_APP_CITRIX_BASE_XenApp
TGSWTS008				PMW_APP_CITRIX_BASE_XenApp
TGSWTS009				PMW_APP_CITRIX_BASE_XenApp
TGSWTS010				PMW_APP_CITRIX_BASE_XenApp
TGSWTS011				PMW_APP_CITRIX_BASE_XenApp
TGSWTS012				PMW_APP_CITRIX_BASE_XenApp
TGSWTS013				PMW_APP_CITRIX_BASE_XenApp
TGSWTS014				PMW_APP_CITRIX_BASE_XenApp
TGSWTS015				PMW_APP_CITRIX_BASE_XenApp
TGSWTS016				PMW_APP_CITRIX_BASE_XenApp
TGSWTS017				PMW_APP_CITRIX_BASE_XenApp
TGSWTS018				PMW_APP_CITRIX_BASE_XenApp
TGSWTS019				PMW_APP_CITRIX_BASE_XenApp
TGSWTS020				PMW_APP_CITRIX_BASE_XenApp
TGSWTS021				PMW_APP_CITRIX_BASE_XenApp
TGSWTS022				PMW_APP_CITRIX_BASE_XenApp
TGSWTS023				PMW_APP_CITRIX_BASE_XenApp
TGSWTS024				PMW_APP_CITRIX_BASE_XenApp
TGSWTS025				PMW_APP_CITRIX_BASE_XenApp
TGSWTS026				PMW_APP_CITRIX_BASE_XenApp
TGSWTS027				PMW_APP_CITRIX_BASE_XenApp
TGSWTS028				PMW_APP_CITRIX_BASE_XenApp
TGSWTS029				PMW_APP_CITRIX_BASE_XenApp
TGSWTS030				PMW_APP_CITRIX_BASE_XenApp
TGSWTS031				PMW_APP_CITRIX_BASE_XenApp
TGSWTS032				PMW_APP_CITRIX_BASE_XenApp
TGSWTS033				PMW_APP_CITRIX_BASE_XenApp
TGSWTS034				PMW_APP_CITRIX_BASE_XenApp
TGSWTS035				PMW_APP_CITRIX_BASE_XenApp
TGSWTS036				PMW_APP_CITRIX_BASE_XenApp
TGSWTS037				PMW_APP_CITRIX_BASE_XenApp
TGSWTS038				PMW_APP_CITRIX_BASE_XenApp
TGSWTS039				PMW_APP_CITRIX_BASE_XenApp
TGSWTS040				PMW_APP_CITRIX_BASE_XenApp
TGSWTS041				PMW_APP_CITRIX_BASE_XenApp
TGSWTS042				PMW_APP_CITRIX_BASE_XenApp
TGSWTS043				PMW_APP_CITRIX_BASE_XenApp
TGSWTS044				PMW_APP_CITRIX_BASE_XenApp
TGSWTS051				PMW_APP_CITRIX_BASE_XenApp
TGSWTS052				PMW_APP_CITRIX_BASE_XenApp
TGSWTS053				PMW_APP_CITRIX_BASE_XenApp
TGSWTS054				PMW_APP_CITRIX_BASE_XenApp
TGSWTS055				PMW_APP_CITRIX_BASE_XenApp
TGSWTS056				PMW_APP_CITRIX_BASE_XenApp
TGSWTS057				PMW_APP_CITRIX_BASE_XenApp
TGSWTS058				PMW_APP_CITRIX_BASE_XenApp
TGSWTS059				PMW_APP_CITRIX_BASE_XenApp
TGSWTS060				PMW_APP_CITRIX_BASE_XenApp
TGSWTS061				PMW_APP_CITRIX_BASE_XenApp
TGSWTS062				PMW_APP_CITRIX_BASE_XenApp
TGSWTS063				PMW_APP_CITRIX_BASE_XenApp
TGSWTS064				PMW_APP_CITRIX_BASE_XenApp
TGSWTS065				PMW_APP_CITRIX_BASE_XenApp
TGSWTS066				PMW_APP_CITRIX_BASE_XenApp
TGSWTS067				PMW_APP_CITRIX_BASE_XenApp
TGSWTS068				PMW_APP_CITRIX_BASE_XenApp
TGSWTS069				PMW_APP_CITRIX_BASE_XenApp
TGSWTS070				PMW_APP_CITRIX_BASE_XenApp
TGSWTS071				PMW_APP_CITRIX_BASE_XenApp
TGSWTS072				PMW_APP_CITRIX_BASE_XenApp
TGSWTS073				PMW_APP_CITRIX_BASE_XenApp
TGSWTS074				PMW_APP_CITRIX_BASE_XenApp
TGSWTS075				PMW_APP_CITRIX_BASE_XenApp
TGSWTS076				PMW_APP_CITRIX_BASE_XenApp
TGSWTS077				PMW_APP_CITRIX_BASE_XenApp
TGSWTS078				PMW_APP_CITRIX_BASE_XenApp
TGSWTS079				PMW_APP_CITRIX_BASE_XenApp
TGSWTS080				PMW_APP_CITRIX_BASE_XenApp
TGSWTS081				PMW_APP_CITRIX_BASE_XenApp
TGSWTS082				PMW_APP_CITRIX_BASE_XenApp
TGSWTS083				PMW_APP_CITRIX_BASE_XenApp
TGSWTS084				PMW_APP_CITRIX_BASE_XenApp
TGSWTS085				PMW_APP_CITRIX_BASE_XenApp
TGSWTS086				PMW_APP_CITRIX_BASE_XenApp
TGSWTS087				PMW_APP_CITRIX_BASE_XenApp
TGSWTS088				PMW_APP_CITRIX_BASE_XenApp
TGSWTS089				PMW_APP_CITRIX_BASE_XenApp
TGSWTS090				PMW_APP_CITRIX_BASE_XenApp
TGSWTS091				PMW_APP_CITRIX_BASE_XenApp
TGSWTS092				PMW_APP_CITRIX_BASE_XenApp
TGSWTS093				PMW_APP_CITRIX_BASE_XenApp
TGSWTS094				PMW_APP_CITRIX_BASE_XenApp
TGSWTS095				PMW_APP_CITRIX_BASE_XenApp
TGSWTS096				PMW_APP_CITRIX_BASE_XenApp
TGSWTS097				PMW_APP_CITRIX_BASE_XenApp
TGSWTS098				PMW_APP_CITRIX_BASE_XenApp
TGSWTS099				PMW_APP_CITRIX_BASE_XenApp
TGSWTS100				PMW_APP_CITRIX_BASE_XenApp
TGSWTS101				PMW_APP_CITRIX_BASE_XenApp
TGSWTS102				PMW_APP_CITRIX_BASE_XenApp
TGSWTS104				PMW_APP_CITRIX_BASE_XenApp
TGSWTS105				PMW_APP_CITRIX_BASE_XenApp
TGSWTS107				PMW_APP_CITRIX_BASE_XenApp
TGSWTS108				PMW_APP_CITRIX_BASE_XenApp
TGSWTS109				PMW_APP_CITRIX_BASE_XenApp
TGSWTS110				PMW_APP_CITRIX_BASE_XenApp
TGSWTS111				PMW_APP_CITRIX_BASE_XenApp
TGSWTS300				PMW_APP_CITRIX_BASE_XenApp
TGSWTS301				PMW_APP_CITRIX_BASE_XenApp
